{
  "start_ns": "int",
  "tracking": false,
  "tracking_data": {}
}
